// Jest Snapshot v1, https://goo.gl/fbAQLP

exports[`UserDisplayName default match snapshot 1`] = `
<a
  className="user-displayName"
  href={null}
  target="_blank"
>
  Shin Adachi
</a>
`;
